// Jest Snapshot v1, https://goo.gl/fbAQLP

exports[`Component: NotificationArea should match previous snapshot 1`] = `
<div
  className="notification-area"
/>
`;
