// Jest Snapshot v1, https://goo.gl/fbAQLP

exports[`Component: UserName should match previous snapshot 1`] = `undefined`;
