// Jest Snapshot v1, https://goo.gl/fbAQLP

exports[`Component: UserProfilePicture should match previous snapshot 1`] = `
<div
  className="profile-picture"
/>
`;
